{
    "Should run without failures": {
        "content": [
            {
                "0": [
                    [
                        {
                            "id": "test"
                        },
                        "test.filtered.bam:md5,bdb7e02a8b3957560ab55f507663388b"
                    ]
                ],
                "1": [
                    
                ],
                "2": [
                    
                ],
                "3": [
                    
                ],
                "4": [
                    
                ],
                "5": [
                    
                ],
                "6": [
                    "versions.yml:md5,277cc8b339782d658bdf35259c702710"
                ],
                "bai": [
                    
                ],
                "bam": [
                    [
                        {
                            "id": "test"
                        },
                        "test.filtered.bam:md5,bdb7e02a8b3957560ab55f507663388b"
                    ]
                ],
                "crai": [
                    
                ],
                "cram": [
                    
                ],
                "csi": [
                    
                ],
                "sam": [
                    
                ],
                "versions": [
                    "versions.yml:md5,277cc8b339782d658bdf35259c702710"
                ]
            }
        ],
        "timestamp": "2023-11-21T12:00:59+0000"
    }
}